// Jest Snapshot v1, https://goo.gl/fbAQLP

exports[`GridItem snapshot renders 1`] = `null`;
